ConnectionRefusedError: [WinError 10061] No connection could be made because the target machine actively refused it
Traceback (most recent call last):
  File "C:\Church\SermonAI\venv\Lib\site-packages\obsws_python\baseclient.py", line 41, in __init__
    self.ws.connect(f"ws://{self.host}:{self.port}", timeout=self.timeout)
    ~~~~~~~~~~~~~~~^^^^^^^^^^^^^^^^^^^^^^^^^^^^^^^^^^^^^^^^^^^^^^^^^^^^^^^
  File "C:\Church\SermonAI\venv\Lib\site-packages\websocket\_core.py", line 263, in connect
    self.sock, addrs = connect(
                       ~~~~~~~^
        url, self.sock_opt, proxy_info(**options), options.pop("socket", None)
        ^^^^^^^^^^^^^^^^^^^^^^^^^^^^^^^^^^^^^^^^^^^^^^^^^^^^^^^^^^^^^^^^^^^^^^
    )
    ^
  File "C:\Church\SermonAI\venv\Lib\site-packages\websocket\_http.py", line 146, in connect
    sock = _open_socket(addrinfo_list, options.sockopt, options.timeout)
  File "C:\Church\SermonAI\venv\Lib\site-packages\websocket\_http.py", line 233, in _open_socket
    raise err
  File "C:\Church\SermonAI\venv\Lib\site-packages\websocket\_http.py", line 210, in _open_socket
    sock.connect(address)
    ~~~~~~~~~~~~^^^^^^^^^
ConnectionRefusedError: [WinError 10061] No connection could be made because the target machine actively refused it
ConnectionRefusedError: [WinError 10061] No connection could be made because the target machine actively refused it
Traceback (most recent call last):
  File "C:\Church\SermonAI\venv\Lib\site-packages\obsws_python\baseclient.py", line 41, in __init__
    self.ws.connect(f"ws://{self.host}:{self.port}", timeout=self.timeout)
    ~~~~~~~~~~~~~~~^^^^^^^^^^^^^^^^^^^^^^^^^^^^^^^^^^^^^^^^^^^^^^^^^^^^^^^
  File "C:\Church\SermonAI\venv\Lib\site-packages\websocket\_core.py", line 263, in connect
    self.sock, addrs = connect(
                       ~~~~~~~^
        url, self.sock_opt, proxy_info(**options), options.pop("socket", None)
        ^^^^^^^^^^^^^^^^^^^^^^^^^^^^^^^^^^^^^^^^^^^^^^^^^^^^^^^^^^^^^^^^^^^^^^
    )
    ^
  File "C:\Church\SermonAI\venv\Lib\site-packages\websocket\_http.py", line 146, in connect
    sock = _open_socket(addrinfo_list, options.sockopt, options.timeout)
  File "C:\Church\SermonAI\venv\Lib\site-packages\websocket\_http.py", line 233, in _open_socket
    raise err
  File "C:\Church\SermonAI\venv\Lib\site-packages\websocket\_http.py", line 210, in _open_socket
    sock.connect(address)
    ~~~~~~~~~~~~^^^^^^^^^
ConnectionRefusedError: [WinError 10061] No connection could be made because the target machine actively refused it
ConnectionRefusedError: [WinError 10061] No connection could be made because the target machine actively refused it
Traceback (most recent call last):
  File "C:\Church\SermonAI\venv\Lib\site-packages\obsws_python\baseclient.py", line 41, in __init__
    self.ws.connect(f"ws://{self.host}:{self.port}", timeout=self.timeout)
    ~~~~~~~~~~~~~~~^^^^^^^^^^^^^^^^^^^^^^^^^^^^^^^^^^^^^^^^^^^^^^^^^^^^^^^
  File "C:\Church\SermonAI\venv\Lib\site-packages\websocket\_core.py", line 263, in connect
    self.sock, addrs = connect(
                       ~~~~~~~^
        url, self.sock_opt, proxy_info(**options), options.pop("socket", None)
        ^^^^^^^^^^^^^^^^^^^^^^^^^^^^^^^^^^^^^^^^^^^^^^^^^^^^^^^^^^^^^^^^^^^^^^
    )
    ^
  File "C:\Church\SermonAI\venv\Lib\site-packages\websocket\_http.py", line 146, in connect
    sock = _open_socket(addrinfo_list, options.sockopt, options.timeout)
  File "C:\Church\SermonAI\venv\Lib\site-packages\websocket\_http.py", line 233, in _open_socket
    raise err
  File "C:\Church\SermonAI\venv\Lib\site-packages\websocket\_http.py", line 210, in _open_socket
    sock.connect(address)
    ~~~~~~~~~~~~^^^^^^^^^
ConnectionRefusedError: [WinError 10061] No connection could be made because the target machine actively refused it
ConnectionRefusedError: [WinError 10061] No connection could be made because the target machine actively refused it
Traceback (most recent call last):
  File "C:\Church\SermonAI\venv\Lib\site-packages\obsws_python\baseclient.py", line 41, in __init__
    self.ws.connect(f"ws://{self.host}:{self.port}", timeout=self.timeout)
    ~~~~~~~~~~~~~~~^^^^^^^^^^^^^^^^^^^^^^^^^^^^^^^^^^^^^^^^^^^^^^^^^^^^^^^
  File "C:\Church\SermonAI\venv\Lib\site-packages\websocket\_core.py", line 263, in connect
    self.sock, addrs = connect(
                       ~~~~~~~^
        url, self.sock_opt, proxy_info(**options), options.pop("socket", None)
        ^^^^^^^^^^^^^^^^^^^^^^^^^^^^^^^^^^^^^^^^^^^^^^^^^^^^^^^^^^^^^^^^^^^^^^
    )
    ^
  File "C:\Church\SermonAI\venv\Lib\site-packages\websocket\_http.py", line 146, in connect
    sock = _open_socket(addrinfo_list, options.sockopt, options.timeout)
  File "C:\Church\SermonAI\venv\Lib\site-packages\websocket\_http.py", line 233, in _open_socket
    raise err
  File "C:\Church\SermonAI\venv\Lib\site-packages\websocket\_http.py", line 210, in _open_socket
    sock.connect(address)
    ~~~~~~~~~~~~^^^^^^^^^
ConnectionRefusedError: [WinError 10061] No connection could be made because the target machine actively refused it
ConnectionRefusedError: [WinError 10061] No connection could be made because the target machine actively refused it
Traceback (most recent call last):
  File "C:\Church\SermonAI\venv\Lib\site-packages\obsws_python\baseclient.py", line 41, in __init__
    self.ws.connect(f"ws://{self.host}:{self.port}", timeout=self.timeout)
    ~~~~~~~~~~~~~~~^^^^^^^^^^^^^^^^^^^^^^^^^^^^^^^^^^^^^^^^^^^^^^^^^^^^^^^
  File "C:\Church\SermonAI\venv\Lib\site-packages\websocket\_core.py", line 263, in connect
    self.sock, addrs = connect(
                       ~~~~~~~^
        url, self.sock_opt, proxy_info(**options), options.pop("socket", None)
        ^^^^^^^^^^^^^^^^^^^^^^^^^^^^^^^^^^^^^^^^^^^^^^^^^^^^^^^^^^^^^^^^^^^^^^
    )
    ^
  File "C:\Church\SermonAI\venv\Lib\site-packages\websocket\_http.py", line 146, in connect
    sock = _open_socket(addrinfo_list, options.sockopt, options.timeout)
  File "C:\Church\SermonAI\venv\Lib\site-packages\websocket\_http.py", line 233, in _open_socket
    raise err
  File "C:\Church\SermonAI\venv\Lib\site-packages\websocket\_http.py", line 210, in _open_socket
    sock.connect(address)
    ~~~~~~~~~~~~^^^^^^^^^
ConnectionRefusedError: [WinError 10061] No connection could be made because the target machine actively refused it
ConnectionRefusedError: [WinError 10061] No connection could be made because the target machine actively refused it
Traceback (most recent call last):
  File "C:\Church\SermonAI\venv\Lib\site-packages\obsws_python\baseclient.py", line 41, in __init__
    self.ws.connect(f"ws://{self.host}:{self.port}", timeout=self.timeout)
    ~~~~~~~~~~~~~~~^^^^^^^^^^^^^^^^^^^^^^^^^^^^^^^^^^^^^^^^^^^^^^^^^^^^^^^
  File "C:\Church\SermonAI\venv\Lib\site-packages\websocket\_core.py", line 263, in connect
    self.sock, addrs = connect(
                       ~~~~~~~^
        url, self.sock_opt, proxy_info(**options), options.pop("socket", None)
        ^^^^^^^^^^^^^^^^^^^^^^^^^^^^^^^^^^^^^^^^^^^^^^^^^^^^^^^^^^^^^^^^^^^^^^
    )
    ^
  File "C:\Church\SermonAI\venv\Lib\site-packages\websocket\_http.py", line 146, in connect
    sock = _open_socket(addrinfo_list, options.sockopt, options.timeout)
  File "C:\Church\SermonAI\venv\Lib\site-packages\websocket\_http.py", line 233, in _open_socket
    raise err
  File "C:\Church\SermonAI\venv\Lib\site-packages\websocket\_http.py", line 210, in _open_socket
    sock.connect(address)
    ~~~~~~~~~~~~^^^^^^^^^
ConnectionRefusedError: [WinError 10061] No connection could be made because the target machine actively refused it
ConnectionRefusedError: [WinError 10061] No connection could be made because the target machine actively refused it
Traceback (most recent call last):
  File "C:\Church\SermonAI\venv\Lib\site-packages\obsws_python\baseclient.py", line 41, in __init__
    self.ws.connect(f"ws://{self.host}:{self.port}", timeout=self.timeout)
    ~~~~~~~~~~~~~~~^^^^^^^^^^^^^^^^^^^^^^^^^^^^^^^^^^^^^^^^^^^^^^^^^^^^^^^
  File "C:\Church\SermonAI\venv\Lib\site-packages\websocket\_core.py", line 263, in connect
    self.sock, addrs = connect(
                       ~~~~~~~^
        url, self.sock_opt, proxy_info(**options), options.pop("socket", None)
        ^^^^^^^^^^^^^^^^^^^^^^^^^^^^^^^^^^^^^^^^^^^^^^^^^^^^^^^^^^^^^^^^^^^^^^
    )
    ^
  File "C:\Church\SermonAI\venv\Lib\site-packages\websocket\_http.py", line 146, in connect
    sock = _open_socket(addrinfo_list, options.sockopt, options.timeout)
  File "C:\Church\SermonAI\venv\Lib\site-packages\websocket\_http.py", line 233, in _open_socket
    raise err
  File "C:\Church\SermonAI\venv\Lib\site-packages\websocket\_http.py", line 210, in _open_socket
    sock.connect(address)
    ~~~~~~~~~~~~^^^^^^^^^
ConnectionRefusedError: [WinError 10061] No connection could be made because the target machine actively refused it
ConnectionRefusedError: [WinError 10061] No connection could be made because the target machine actively refused it
Traceback (most recent call last):
  File "C:\Church\SermonAI\venv\Lib\site-packages\obsws_python\baseclient.py", line 41, in __init__
    self.ws.connect(f"ws://{self.host}:{self.port}", timeout=self.timeout)
    ~~~~~~~~~~~~~~~^^^^^^^^^^^^^^^^^^^^^^^^^^^^^^^^^^^^^^^^^^^^^^^^^^^^^^^
  File "C:\Church\SermonAI\venv\Lib\site-packages\websocket\_core.py", line 263, in connect
    self.sock, addrs = connect(
                       ~~~~~~~^
        url, self.sock_opt, proxy_info(**options), options.pop("socket", None)
        ^^^^^^^^^^^^^^^^^^^^^^^^^^^^^^^^^^^^^^^^^^^^^^^^^^^^^^^^^^^^^^^^^^^^^^
    )
    ^
  File "C:\Church\SermonAI\venv\Lib\site-packages\websocket\_http.py", line 146, in connect
    sock = _open_socket(addrinfo_list, options.sockopt, options.timeout)
  File "C:\Church\SermonAI\venv\Lib\site-packages\websocket\_http.py", line 233, in _open_socket
    raise err
  File "C:\Church\SermonAI\venv\Lib\site-packages\websocket\_http.py", line 210, in _open_socket
    sock.connect(address)
    ~~~~~~~~~~~~^^^^^^^^^
ConnectionRefusedError: [WinError 10061] No connection could be made because the target machine actively refused it
OBSSDKRequestError: Request GetVersion returned code 207. With message: OBS is not ready to perform the request.
Traceback (most recent call last):
  File "C:\Church\SermonAI\venv\Lib\site-packages\obsws_python\reqs.py", line 53, in send
    raise OBSSDKRequestError(
    ...<3 lines>...
    )
obsws_python.error.OBSSDKRequestError: Request GetVersion returned code 207. With message: OBS is not ready to perform the request.
forrtl: error (200): program aborting due to window-CLOSE event
Image              PC                Routine            Line        Source             
KERNELBASE.dll     00007FF974323BDD  Unknown               Unknown  Unknown
KERNEL32.DLL       00007FF974FACCB7  Unknown               Unknown  Unknown
ntdll.dll          00007FF9769EAD6C  Unknown               Unknown  Unknown
