[2026-08-28 10:18:26] Pastor sermon-notes email imported.
[2026-08-28 10:18:26] This week's sermon embedded into lower thirds.
[2026-08-28 10:18:26] Chapter hotkey labels are waiting for an OBS restart; SSS chapter button will still use the correct names.
[2026-08-28 10:18:28] OBS startup popup cleaner active.
[2026-08-28 10:18:28] Weekly rollback snapshot ready: current
[2026-08-28 10:18:30] PTZ camera → Pastor / startup (preset 2).
[2026-08-28 10:18:31] System status: ready.
[2026-08-28 10:18:33] ADMIN TEST MODE enabled: chapter/LT test sequence reset to Prayer; real sermon chapter position preserved.
[2026-08-28 10:18:37] A Planning service opened, but its date does not match 2026-08-30. Nothing was changed.
[2026-08-28 10:18:39] TEST ONLY — Prayer [chapter marker simulated / not written]
[2026-08-28 10:18:51] Scripture START: Presenter preset to first verse of Matt 13:10-17.
[2026-08-28 10:18:51] Scripture reading started: Matt 13:10-17 [TEST — marker simulated]
[2026-08-28 10:18:54] Presenter NEXT verse -> Port Presenter | Ch 10 | Note 60 (C3) | Vel 126
[2026-08-28 10:18:54] Presenter Scripture: Matt 13:11
[2026-08-28 10:18:55] Presenter NEXT verse -> Port Presenter | Ch 10 | Note 60 (C3) | Vel 126
[2026-08-28 10:18:56] Presenter Scripture: Matt 13:12
[2026-08-28 10:19:08] Sunday Mode v22 ready.
[2026-08-28 10:19:08] Pre-start rollback snapshot ready: 2026-08-30
[2026-08-28 10:19:10] Pastor sermon-notes email imported.
[2026-08-28 10:19:10] This week's sermon embedded into lower thirds.
[2026-08-28 10:19:10] Chapter hotkey labels are waiting for an OBS restart; SSS chapter button will still use the correct names.
[2026-08-28 10:19:14] OBS is already open; waiting for WebSocket...
[2026-08-28 10:19:15] Opened Presenter automatically.
[2026-08-28 10:19:15] Weekly rollback snapshot ready: current
[2026-08-28 10:19:19] PTZ camera → Pastor / startup (preset 2).
[2026-08-28 10:19:19] System status needs attention: OBS, COLLECTION, INPUTS
[2026-08-28 10:19:22] A Planning service opened, but its date does not match 2026-08-30. Nothing was changed.
[2026-08-28 10:19:49] Sunday Mode v22 ready.
[2026-08-28 10:19:49] Pre-start rollback snapshot ready: 2026-08-30
[2026-08-28 10:19:50] Pastor sermon-notes email imported.
[2026-08-28 10:19:50] This week's sermon embedded into lower thirds.
[2026-08-28 10:19:51] Gmail sermon points synced to OBS named chapter hotkeys.
[2026-08-28 10:19:52] OBS startup popup cleaner active.
[2026-08-28 10:19:54] OBS is not open. Starting OBS...
[2026-08-28 10:19:54] OBS launch command sent.
[2026-08-28 10:19:54] Weekly rollback snapshot ready: current
[2026-08-28 10:19:56] PTZ camera → Pastor / startup (preset 2).
[2026-08-28 10:19:59] OBS is ready.
[2026-08-28 10:19:59] System status needs attention: OBS, COLLECTION, INPUTS
[2026-08-28 10:20:00] A Planning service opened, but its date does not match 2026-08-30. Nothing was changed.
[2026-08-28 10:20:01] System status needs attention: COLLECTION, INPUTS
[2026-08-28 10:20:06] System status: ready.
[2026-08-28 10:20:32] Sunday Mode v22 ready.
[2026-08-28 10:20:32] Pre-start rollback snapshot ready: 2026-08-30
[2026-08-28 10:20:33] Pastor sermon-notes email imported.
[2026-08-28 10:20:34] This week's sermon embedded into lower thirds.
[2026-08-28 10:20:34] Chapter hotkey labels are waiting for an OBS restart; SSS chapter button will still use the correct names.
[2026-08-28 10:20:37] Opened Presenter automatically.
[2026-08-28 10:20:37] Weekly rollback snapshot ready: current
[2026-08-28 10:20:39] PTZ camera → Pastor / startup (preset 2).
[2026-08-28 10:20:40] System status: ready.
[2026-08-28 10:20:43] A Planning service opened, but its date does not match 2026-08-30. Nothing was changed.
[2026-08-28 10:21:13] A Planning service opened, but its date does not match 2026-08-30. Nothing was changed.
[2026-08-28 10:21:20] A Planning service opened, but its date does not match 2026-08-30. Nothing was changed.
[2026-08-28 10:31:10] Sunday Mode v22 ready.
[2026-08-28 10:31:10] Pre-start rollback snapshot ready: 2026-08-30
[2026-08-28 10:31:12] Upcoming-Sunday pastor sermon email imported.
[2026-08-28 10:31:12] This week's sermon embedded into lower thirds.
[2026-08-28 10:31:12] Chapter hotkey labels are waiting for an OBS restart; SSS chapter button will still use the correct names.
[2026-08-28 10:31:13] OBS startup popup cleaner active.
[2026-08-28 10:31:14] Weekly rollback snapshot ready: current
[2026-08-28 10:31:16] PTZ camera → Pastor / startup (preset 2).
[2026-08-28 10:31:17] System status: ready.
[2026-08-28 10:31:20] A Planning service opened, but its date does not match 2026-08-30. Nothing was changed.
[2026-08-28 10:31:33] Sermon chapter rotation reset to Prayer.
[2026-08-28 10:31:46] A Planning service opened, but its date does not match 2026-08-30. Nothing was changed.
[2026-08-28 10:32:13] ADMIN TEST MODE enabled: chapter/LT test sequence reset to Prayer; real sermon chapter position preserved.
[2026-08-28 10:32:15] TEST ONLY — Prayer [chapter marker simulated / not written]
[2026-08-28 10:32:20] Scripture START: Presenter preset to first verse of Matt 13:10-17.
[2026-08-28 10:32:21] Scripture reading started: Matt 13:10-17 [TEST — marker simulated]
[2026-08-28 10:32:23] Presenter NEXT verse -> Port Presenter | Ch 10 | Note 60 (C3) | Vel 126
[2026-08-28 10:32:23] Presenter Scripture: Matt 13:11
[2026-08-28 10:32:26] Presenter NEXT verse -> Port Presenter | Ch 10 | Note 60 (C3) | Vel 126
[2026-08-28 10:32:26] Presenter Scripture: Matt 13:12
[2026-08-28 10:32:30] Presenter NEXT verse -> Port Presenter | Ch 10 | Note 60 (C3) | Vel 126
[2026-08-28 10:32:30] Presenter Scripture: Matt 13:13
[2026-08-28 10:32:35] Presenter NEXT verse -> Port Presenter | Ch 10 | Note 60 (C3) | Vel 126
[2026-08-28 10:32:35] Presenter Scripture: Matt 13:14
[2026-08-28 10:32:54] Admin closed: Chapter/LT Test Mode automatically turned OFF; real sermon position restored.
[2026-08-28 10:38:45] Sunday Mode v22 ready.
[2026-08-28 10:38:45] Pre-start rollback snapshot ready: 2026-08-30
[2026-08-28 10:38:47] Upcoming-Sunday pastor sermon email imported.
[2026-08-28 10:38:47] This week's sermon embedded into lower thirds.
[2026-08-28 10:38:47] Chapter hotkey labels are waiting for an OBS restart; SSS chapter button will still use the correct names.
[2026-08-28 10:38:49] OBS startup popup cleaner active.
[2026-08-28 10:38:49] Weekly rollback snapshot ready: current
[2026-08-28 10:38:51] PTZ camera → Pastor / startup (preset 2).
[2026-08-28 10:38:53] System status: ready.
[2026-08-28 10:38:54] Could not automatically find the upcoming Sunday service (2026-08-30).
[2026-08-28 10:39:03] ADMIN TEST MODE enabled: chapter/LT test sequence reset to Prayer; real sermon chapter position preserved.
[2026-08-28 10:39:04] TEST ONLY — Prayer [chapter marker simulated / not written]
[2026-08-28 10:39:11] Scripture START: Presenter preset to first verse of Matt 13:10-17.
[2026-08-28 10:39:12] Scripture reading started: Matt 13:10-17 [TEST — marker simulated]
[2026-08-28 10:39:13] Presenter NEXT verse -> Port Presenter | Ch 10 | Note 60 (C3) | Vel 126
[2026-08-28 10:39:13] Presenter Scripture: Matt 13:11
[2026-08-28 10:39:14] Presenter NEXT verse -> Port Presenter | Ch 10 | Note 60 (C3) | Vel 126
[2026-08-28 10:39:14] Presenter Scripture: Matt 13:12
[2026-08-28 10:39:15] Presenter NEXT verse -> Port Presenter | Ch 10 | Note 60 (C3) | Vel 126
[2026-08-28 10:39:15] Presenter Scripture: Matt 13:13
[2026-08-28 10:48:19] Sunday Mode v22 ready.
[2026-08-28 10:48:19] Pre-start rollback snapshot ready: 2026-08-30
[2026-08-28 10:48:21] Upcoming-Sunday pastor sermon email imported.
[2026-08-28 10:48:21] This week's sermon embedded into lower thirds.
[2026-08-28 10:48:22] Chapter hotkey labels are waiting for an OBS restart; SSS chapter button will still use the correct names.
[2026-08-28 10:48:23] OBS startup popup cleaner active.
[2026-08-28 10:48:24] Weekly rollback snapshot ready: current
[2026-08-28 10:48:26] PTZ camera → Pastor / startup (preset 2).
[2026-08-28 10:48:27] System status: ready.
[2026-08-28 10:48:28] ADMIN TEST MODE enabled: chapter/LT test sequence reset to Prayer; real sermon chapter position preserved.
[2026-08-28 10:48:28] Could not automatically find the upcoming Sunday service (2026-08-30).
[2026-08-28 10:48:35] TEST ONLY — Prayer [chapter marker simulated / not written]
[2026-08-28 10:48:36] Scripture START: Presenter preset to first verse of Matt 13:10-17.
[2026-08-28 10:48:37] Scripture reading started: Matt 13:10-17 [TEST — marker simulated]
[2026-08-28 10:48:39] Presenter NEXT verse -> Port Presenter | Ch 10 | Note 60 | Vel 126 | Note On only
[2026-08-28 10:48:39] Presenter Scripture: Matt 13:11
[2026-08-28 10:48:42] Presenter NEXT verse -> Port Presenter | Ch 10 | Note 60 | Vel 126 | Note On only
[2026-08-28 10:48:42] Presenter Scripture: Matt 13:12
[2026-08-28 10:48:43] Presenter NEXT verse -> Port Presenter | Ch 10 | Note 60 | Vel 126 | Note On only
[2026-08-28 10:48:43] Presenter Scripture: Matt 13:13
[2026-08-28 10:48:43] Presenter NEXT verse -> Port Presenter | Ch 10 | Note 60 | Vel 126 | Note On only
[2026-08-28 10:48:43] Presenter Scripture: Matt 13:14
[2026-08-28 10:55:24] Sunday Mode v22 ready.
[2026-08-28 10:55:24] Pre-start rollback snapshot ready: 2026-08-30
[2026-08-28 10:55:27] Upcoming-Sunday pastor sermon email imported.
[2026-08-28 10:55:28] This week's sermon embedded into lower thirds.
[2026-08-28 10:55:32] Gmail sermon points synced to OBS named chapter hotkeys.
[2026-08-28 10:55:35] Started Chapter Bridge.
[2026-08-28 10:55:35] OBS startup popup cleaner active.
[2026-08-28 10:55:36] Live audio sanity monitor started.
[2026-08-28 10:55:38] OBS is not open. Starting OBS...
[2026-08-28 10:55:38] OBS launch command sent.
[2026-08-28 10:55:39] Opened Presenter automatically.
[2026-08-28 10:55:39] Weekly rollback snapshot ready: current
[2026-08-28 10:55:43] PTZ camera → Pastor / startup (preset 2).
[2026-08-28 10:55:47] System status needs attention: OBS, COLLECTION, INPUTS
[2026-08-28 10:55:49] A Planning service opened, but its date does not match 2026-08-30. Nothing was changed.
[2026-08-28 10:55:52] OBS is ready.
[2026-08-28 10:55:59] System status: ready.
[2026-08-28 10:56:45] ADMIN TEST MODE enabled: chapter/LT test sequence reset to Prayer; real sermon chapter position preserved.
[2026-08-28 10:56:46] TEST ONLY — Prayer [chapter marker simulated / not written]
[2026-08-28 10:56:48] Scripture START: Presenter preset to first verse of Matt 13:10-17.
[2026-08-28 10:56:49] Scripture reading started: Matt 13:10-17 [TEST — marker simulated]
[2026-08-28 10:56:51] Presenter NEXT verse -> Port Presenter | Ch 10 | Note 60 | Vel 126 | Note On only
[2026-08-28 10:56:51] Presenter Scripture: Matt 13:11
[2026-08-28 10:56:52] Presenter NEXT verse -> Port Presenter | Ch 10 | Note 60 | Vel 126 | Note On only
[2026-08-28 10:56:52] Presenter Scripture: Matt 13:12
[2026-08-28 10:56:52] Presenter NEXT verse -> Port Presenter | Ch 10 | Note 60 | Vel 126 | Note On only
[2026-08-28 10:56:52] Presenter Scripture: Matt 13:13
[2026-08-28 10:56:54] Presenter NEXT verse -> Port Presenter | Ch 10 | Note 60 | Vel 126 | Note On only
[2026-08-28 10:56:54] Presenter Scripture: Matt 13:14
[2026-08-28 10:56:56] Presenter NEXT verse -> Port Presenter | Ch 10 | Note 60 | Vel 126 | Note On only
[2026-08-28 10:56:56] Presenter Scripture: Matt 13:15
[2026-08-28 10:56:57] Presenter NEXT verse -> Port Presenter | Ch 10 | Note 60 | Vel 126 | Note On only
[2026-08-28 10:56:57] Presenter Scripture: Matt 13:16
[2026-08-28 10:56:58] Presenter NEXT verse -> Port Presenter | Ch 10 | Note 60 | Vel 126 | Note On only
[2026-08-28 10:56:58] Presenter Scripture: Matt 13:17
[2026-08-28 10:57:00] Scripture reading ended; webcam only loaded to Preview (Ctrl+F13) and transitioned to Program (Ctrl+Shift).
[2026-08-28 10:57:06] ADMIN TEST MODE disabled: restored normal chapter/LT controls at the real sermon position.
[2026-08-28 10:57:40] PTZ camera → Worship (preset 5).
[2026-08-28 10:57:43] PTZ camera → Pastor (preset 2).
[2026-08-28 11:16:09] Sunday Mode v22 ready.
[2026-08-28 11:16:09] Pre-start rollback snapshot ready: 2026-08-30
[2026-08-28 11:16:12] Upcoming-Sunday pastor sermon email imported.
[2026-08-28 11:16:12] This week's sermon embedded into lower thirds.
[2026-08-28 11:16:12] Chapter hotkey labels are waiting for an OBS restart; SSS chapter button will still use the correct names.
[2026-08-28 11:16:14] OBS startup popup cleaner active.
[2026-08-28 11:16:14] Weekly rollback snapshot ready: current
[2026-08-28 11:16:16] PTZ camera → Pastor / startup (preset 2).
[2026-08-28 11:16:17] System status: ready.
[2026-08-28 11:16:23] A Planning service opened, but its date does not match 2026-08-30. Nothing was changed.
[2026-08-28 11:39:06] Sunday Mode v22 ready.
[2026-08-28 11:39:06] Pre-start rollback snapshot ready: 2026-08-30
[2026-08-28 11:39:08] Upcoming-Sunday pastor sermon email imported.
[2026-08-28 11:39:08] This week's sermon embedded into lower thirds.
[2026-08-28 11:39:08] Chapter hotkey labels are waiting for an OBS restart; SSS chapter button will still use the correct names.
[2026-08-28 11:39:09] OBS startup popup cleaner active.
[2026-08-28 11:39:10] Weekly rollback snapshot ready: current
[2026-08-28 11:45:19] Sunday Mode v22 ready.
[2026-08-28 11:45:19] Pre-start rollback snapshot ready: 2026-08-30
[2026-08-28 11:45:21] Upcoming-Sunday pastor sermon email imported.
[2026-08-28 11:45:21] This week's sermon embedded into lower thirds.
[2026-08-28 11:45:21] Chapter hotkey labels are waiting for an OBS restart; SSS chapter button will still use the correct names.
[2026-08-28 11:45:23] OBS startup popup cleaner active.
[2026-08-28 11:45:23] Weekly rollback snapshot ready: current
[2026-08-28 11:45:25] PTZ camera → Pastor / startup (preset 2).
[2026-08-28 11:45:26] System status: ready.
[2026-08-28 11:45:28] Could not automatically find the upcoming Sunday service (2026-08-30).
[2026-08-28 11:46:46] Sunday Mode v22 ready.
[2026-08-28 11:46:46] Pre-start rollback snapshot ready: 2026-08-30
[2026-08-28 11:46:47] Upcoming-Sunday pastor sermon email imported.
[2026-08-28 11:46:48] This week's sermon embedded into lower thirds.
[2026-08-28 11:46:48] Chapter hotkey labels are waiting for an OBS restart; SSS chapter button will still use the correct names.
[2026-08-28 11:46:49] OBS startup popup cleaner active.
[2026-08-28 11:46:50] Weekly rollback snapshot ready: current
[2026-08-28 11:46:52] PTZ camera → Pastor / startup (preset 2).
[2026-08-28 11:46:53] System status: ready.
[2026-08-28 11:46:56] A Planning service opened, but its date does not match 2026-08-30. Nothing was changed.
[2026-08-28 11:47:48] Sunday Mode v22 ready.
[2026-08-28 11:47:48] Pre-start rollback snapshot ready: 2026-08-30
[2026-08-28 11:47:50] Upcoming-Sunday pastor sermon email imported.
[2026-08-28 11:47:50] This week's sermon embedded into lower thirds.
[2026-08-28 11:47:50] Chapter hotkey labels are waiting for an OBS restart; SSS chapter button will still use the correct names.
[2026-08-28 11:47:52] OBS startup popup cleaner active.
[2026-08-28 11:47:52] Weekly rollback snapshot ready: current
[2026-08-28 11:47:54] PTZ camera → Pastor / startup (preset 2).
[2026-08-28 11:47:55] System status: ready.
[2026-08-28 11:47:58] A Planning service opened, but its date does not match 2026-08-30. Nothing was changed.
[2026-08-28 11:48:53] ADMIN TEST MODE enabled: chapter/LT test sequence reset to Prayer; real sermon chapter position preserved.
[2026-08-28 11:48:54] ADMIN TEST MODE disabled: restored normal chapter/LT controls at the real sermon position.
[2026-08-28 11:49:05] Admin manually removed Sunday Freeze marker.
[2026-08-28 11:49:39] Admin manually removed Sunday Freeze marker.
[2026-08-28 11:56:36] Sunday Mode v22 ready.
[2026-08-28 11:56:36] Pre-start rollback snapshot ready: 2026-08-30
[2026-08-28 11:56:38] Upcoming-Sunday pastor sermon email imported.
[2026-08-28 11:56:38] This week's sermon embedded into lower thirds.
[2026-08-28 11:56:38] Chapter hotkey labels are waiting for an OBS restart; SSS chapter button will still use the correct names.
[2026-08-28 11:56:40] OBS startup popup cleaner active.
[2026-08-28 11:56:40] Weekly rollback snapshot ready: current
[2026-08-28 11:56:42] PTZ camera → Pastor / startup (preset 2).
[2026-08-28 11:56:43] System status: ready.
[2026-08-28 11:56:46] A Planning service opened, but its date does not match 2026-08-30. Nothing was changed.
[2026-08-28 11:59:19] Sunday Mode v22 ready.
[2026-08-28 11:59:19] Pre-start rollback snapshot ready: 2026-08-30
[2026-08-28 11:59:21] Upcoming-Sunday pastor sermon email imported.
[2026-08-28 11:59:21] This week's sermon embedded into lower thirds.
[2026-08-28 11:59:21] Chapter hotkey labels are waiting for an OBS restart; SSS chapter button will still use the correct names.
[2026-08-28 11:59:23] OBS startup popup cleaner active.
[2026-08-28 11:59:23] Weekly rollback snapshot ready: current
[2026-08-28 11:59:25] PTZ camera → Pastor / startup (preset 2).
[2026-08-28 11:59:26] System status: ready.
[2026-08-28 11:59:29] A Planning service opened, but its date does not match 2026-08-30. Nothing was changed.
[2026-08-28 12:01:49] Sunday Mode v22 ready.
[2026-08-28 12:01:49] Pre-start rollback snapshot ready: 2026-08-30
[2026-08-28 12:01:51] Upcoming-Sunday pastor sermon email imported.
[2026-08-28 12:01:51] This week's sermon embedded into lower thirds.
[2026-08-28 12:01:51] Chapter hotkey labels are waiting for an OBS restart; SSS chapter button will still use the correct names.
[2026-08-28 12:01:52] OBS startup popup cleaner active.
[2026-08-28 12:01:53] Weekly rollback snapshot ready: current
[2026-08-28 12:01:55] PTZ camera → Pastor / startup (preset 2).
[2026-08-28 12:01:56] System status: ready.
[2026-08-28 12:01:59] A Planning service opened, but its date does not match 2026-08-30. Nothing was changed.
[2026-08-28 12:06:42] Sunday Mode v22 ready.
[2026-08-28 12:06:42] Pre-start rollback snapshot ready: 2026-08-30
[2026-08-28 12:06:44] Upcoming-Sunday pastor sermon email imported.
[2026-08-28 12:06:44] This week's sermon embedded into lower thirds.
[2026-08-28 12:06:45] Chapter hotkey labels are waiting for an OBS restart; SSS chapter button will still use the correct names.
[2026-08-28 12:06:46] OBS startup popup cleaner active.
[2026-08-28 12:06:47] Weekly rollback snapshot ready: current
[2026-08-28 12:06:49] PTZ camera → Pastor / startup (preset 2).
[2026-08-28 12:06:50] System status: ready.
[2026-08-28 12:06:53] A Planning service opened, but its date does not match 2026-08-30. Nothing was changed.
[2026-08-28 12:07:39] Upcoming-Sunday pastor sermon email imported.
[2026-08-28 12:07:39] This week's sermon embedded into lower thirds.
[2026-08-28 12:07:39] Chapter hotkey labels are waiting for an OBS restart; SSS chapter button will still use the correct names.
[2026-08-28 12:07:45] A Planning service opened, but its date does not match 2026-08-30. Nothing was changed.
[2026-08-28 12:09:37] Sunday Mode v22 ready.
[2026-08-28 12:09:37] Pre-start rollback snapshot ready: 2026-08-30
[2026-08-28 12:09:39] Upcoming-Sunday pastor sermon email imported.
[2026-08-28 12:09:39] This week's sermon embedded into lower thirds.
[2026-08-28 12:09:39] Chapter hotkey labels are waiting for an OBS restart; SSS chapter button will still use the correct names.
[2026-08-28 12:09:41] OBS startup popup cleaner active.
[2026-08-28 12:09:41] Weekly rollback snapshot ready: current
[2026-08-28 12:09:44] PTZ camera → Pastor / startup (preset 2).
[2026-08-28 12:09:45] System status: ready.
[2026-08-28 12:09:47] A Planning service opened, but its date does not match 2026-08-30. Nothing was changed.
[2026-08-28 12:10:04] Sunday Mode v22 ready.
[2026-08-28 12:10:04] Pre-start rollback snapshot ready: 2026-08-30
[2026-08-28 12:10:06] Upcoming-Sunday pastor sermon email imported.
[2026-08-28 12:10:06] This week's sermon embedded into lower thirds.
[2026-08-28 12:10:06] Chapter hotkey labels are waiting for an OBS restart; SSS chapter button will still use the correct names.
[2026-08-28 12:10:08] Weekly rollback snapshot ready: current
[2026-08-28 12:10:11] PTZ camera → Pastor / startup (preset 2).
[2026-08-28 12:10:11] System status: ready.
[2026-08-28 12:10:15] A Planning service opened, but its date does not match 2026-08-30. Nothing was changed.
[2026-08-28 12:16:25] Sunday Mode v22 ready.
[2026-08-28 12:16:25] Pre-start rollback snapshot ready: 2026-08-30
[2026-08-28 12:16:27] Upcoming-Sunday pastor sermon email imported.
[2026-08-28 12:16:27] This week's sermon embedded into lower thirds.
[2026-08-28 12:16:27] Chapter hotkey labels are waiting for an OBS restart; SSS chapter button will still use the correct names.
[2026-08-28 12:16:29] OBS startup popup cleaner active.
[2026-08-28 12:16:29] Weekly rollback snapshot ready: current
[2026-08-28 12:16:31] PTZ camera → Pastor / startup (preset 2).
[2026-08-28 12:16:32] System status: ready.
[2026-08-28 12:16:35] A Planning service opened, but its date does not match 2026-08-30. Nothing was changed.
[2026-08-28 12:19:24] Sunday Mode v22 ready.
[2026-08-28 12:19:24] Pre-start rollback snapshot ready: 2026-08-30
[2026-08-28 12:19:26] Upcoming-Sunday pastor sermon email imported.
[2026-08-28 12:19:26] This week's sermon embedded into lower thirds.
[2026-08-28 12:19:27] Chapter hotkey labels are waiting for an OBS restart; SSS chapter button will still use the correct names.
[2026-08-28 12:19:28] OBS startup popup cleaner active.
[2026-08-28 12:19:29] Weekly rollback snapshot ready: current
[2026-08-28 12:19:31] PTZ camera → Pastor / startup (preset 2).
[2026-08-28 12:19:32] System status: ready.
[2026-08-28 12:19:34] A Planning service opened, but its date does not match 2026-08-30. Nothing was changed.
[2026-08-28 12:23:12] Sunday Mode v22 ready.
[2026-08-28 12:23:12] Pre-start rollback snapshot ready: 2026-08-30
[2026-08-28 12:23:14] Upcoming-Sunday pastor sermon email imported.
[2026-08-28 12:23:14] This week's sermon embedded into lower thirds.
[2026-08-28 12:23:15] Chapter hotkey labels are waiting for an OBS restart; SSS chapter button will still use the correct names.
[2026-08-28 12:23:16] OBS startup popup cleaner active.
[2026-08-28 12:23:16] Weekly rollback snapshot ready: current
[2026-08-28 12:23:19] PTZ camera → Pastor / startup (preset 2).
[2026-08-28 12:23:19] System status: ready.
[2026-08-28 12:23:23] A Planning service opened, but its date does not match 2026-08-30. Nothing was changed.
[2026-08-28 12:42:50] Sunday Mode v22 ready.
[2026-08-28 12:42:50] Pre-start rollback snapshot ready: 2026-08-30
[2026-08-28 12:42:52] Upcoming-Sunday pastor sermon email imported.
[2026-08-28 12:42:52] This week's sermon embedded into lower thirds.
[2026-08-28 12:42:53] Chapter hotkey labels are waiting for an OBS restart; SSS chapter button will still use the correct names.
[2026-08-28 12:42:54] OBS startup popup cleaner active.
[2026-08-28 12:42:55] Weekly rollback snapshot ready: current
[2026-08-28 12:42:57] PTZ camera → Pastor / startup (preset 2).
[2026-08-28 12:42:58] System status: ready.
[2026-08-28 12:43:00] A Planning service opened, but its date does not match 2026-08-30. Nothing was changed.
[2026-08-28 14:37:02] Sunday Mode v22 ready.
[2026-08-28 14:37:02] Pre-start rollback snapshot ready: 2026-08-30
[2026-08-28 14:37:04] Upcoming-Sunday pastor sermon email imported.
[2026-08-28 14:37:04] This week's sermon embedded into lower thirds.
[2026-08-28 14:37:05] Chapter hotkey labels are waiting for an OBS restart; SSS chapter button will still use the correct names.
[2026-08-28 14:37:06] OBS startup popup cleaner active.
[2026-08-28 14:37:07] Weekly rollback snapshot ready: current
[2026-08-28 14:37:09] PTZ camera → Pastor / startup (preset 2).
[2026-08-28 14:37:10] System status: ready.
[2026-08-28 14:37:12] A Planning service opened, but its date does not match 2026-08-30. Nothing was changed.
[2026-08-28 14:42:55] Sunday Mode v22 ready.
[2026-08-28 14:42:55] Pre-start rollback snapshot ready: 2026-08-30
[2026-08-28 14:42:57] Upcoming-Sunday pastor sermon email imported.
[2026-08-28 14:42:57] This week's sermon embedded into lower thirds.
[2026-08-28 14:42:57] Chapter hotkey labels are waiting for an OBS restart; SSS chapter button will still use the correct names.
[2026-08-28 14:42:59] OBS startup popup cleaner active.
[2026-08-28 14:42:59] Weekly rollback snapshot ready: current
[2026-08-28 14:43:01] PTZ camera → Pastor / startup (preset 2).
[2026-08-28 14:43:02] System status: ready.
[2026-08-28 14:43:04] Could not automatically find the upcoming Sunday service (2026-08-30).
[2026-08-28 14:49:17] Sunday Mode v22 ready.
[2026-08-28 14:49:17] Pre-start rollback snapshot ready: 2026-08-30
[2026-08-28 14:49:19] Upcoming-Sunday pastor sermon email imported.
[2026-08-28 14:49:19] This week's sermon embedded into lower thirds.
[2026-08-28 14:49:19] Chapter hotkey labels are waiting for an OBS restart; SSS chapter button will still use the correct names.
[2026-08-28 14:49:21] OBS startup popup cleaner active.
[2026-08-28 14:49:21] Weekly rollback snapshot ready: current
[2026-08-28 14:49:23] PTZ camera → Pastor / startup (preset 2).
[2026-08-28 14:49:24] System status: ready.
[2026-08-28 14:49:27] A Planning service opened, but its date does not match 2026-08-30. Nothing was changed.
[2026-08-28 14:54:21] Sunday Mode v22 ready.
[2026-08-28 14:54:21] Pre-start rollback snapshot ready: 2026-08-30
[2026-08-28 14:54:23] Upcoming-Sunday pastor sermon email imported.
[2026-08-28 14:54:23] This week's sermon embedded into lower thirds.
[2026-08-28 14:54:23] Chapter hotkey labels are waiting for an OBS restart; SSS chapter button will still use the correct names.
[2026-08-28 14:54:25] OBS startup popup cleaner active.
[2026-08-28 14:54:25] Weekly rollback snapshot ready: current
[2026-08-28 14:54:27] PTZ camera → Pastor / startup (preset 2).
[2026-08-28 14:54:28] System status: ready.
[2026-08-28 14:54:30] Could not automatically find the upcoming Sunday service (2026-08-30).
[2026-08-28 15:01:24] Sunday Mode v22 ready.
[2026-08-28 15:01:24] Pre-start rollback snapshot ready: 2026-08-30
[2026-08-28 15:01:26] Upcoming-Sunday pastor sermon email imported.
[2026-08-28 15:01:26] This week's sermon embedded into lower thirds.
[2026-08-28 15:01:27] Chapter hotkey labels are waiting for an OBS restart; SSS chapter button will still use the correct names.
[2026-08-28 15:01:28] OBS startup popup cleaner active.
[2026-08-28 15:01:29] Weekly rollback snapshot ready: current
[2026-08-28 15:01:31] PTZ camera → Pastor / startup (preset 2).
[2026-08-28 15:01:32] System status: ready.
[2026-08-28 15:01:35] A Planning service opened, but its date does not match 2026-08-30. Nothing was changed.
[2026-08-28 15:10:00] Sunday Mode v22 ready.
[2026-08-28 15:10:00] Pre-start rollback snapshot ready: 2026-08-30
[2026-08-28 15:10:02] Upcoming-Sunday pastor sermon email imported.
[2026-08-28 15:10:02] This week's sermon embedded into lower thirds.
[2026-08-28 15:10:03] Chapter hotkey labels are waiting for an OBS restart; SSS chapter button will still use the correct names.
[2026-08-28 15:10:04] OBS startup popup cleaner active.
[2026-08-28 15:10:05] Weekly rollback snapshot ready: current
[2026-08-28 15:10:07] PTZ camera → Pastor / startup (preset 2).
[2026-08-28 15:10:08] System status: ready.
[2026-08-28 15:10:09] Could not automatically find the upcoming Sunday service (2026-08-30).
[2026-08-28 15:17:42] Sunday Mode v22 ready.
[2026-08-28 15:17:42] Pre-start rollback snapshot ready: 2026-08-30
[2026-08-28 15:17:44] Upcoming-Sunday pastor sermon email imported.
[2026-08-28 15:17:44] This week's sermon embedded into lower thirds.
[2026-08-28 15:17:44] Chapter hotkey labels are waiting for an OBS restart; SSS chapter button will still use the correct names.
[2026-08-28 15:17:46] OBS startup popup cleaner active.
[2026-08-28 15:17:46] Weekly rollback snapshot ready: current
[2026-08-28 15:17:48] PTZ camera → Pastor / startup (preset 2).
[2026-08-28 15:17:49] System status: ready.
[2026-08-28 15:17:52] A Planning service opened, but its date does not match 2026-08-30. Nothing was changed.
[2026-08-28 15:34:12] Sunday Mode v22 ready.
[2026-08-28 15:34:12] Pre-start rollback snapshot ready: 2026-08-30
[2026-08-28 15:34:14] Upcoming-Sunday pastor sermon email imported.
[2026-08-28 15:34:14] This week's sermon embedded into lower thirds.
[2026-08-28 15:34:14] Chapter hotkey labels are waiting for an OBS restart; SSS chapter button will still use the correct names.
[2026-08-28 15:34:15] OBS startup popup cleaner active.
[2026-08-28 15:34:16] Weekly rollback snapshot ready: current
[2026-08-28 15:34:18] PTZ camera → Pastor / startup (preset 2).
[2026-08-28 15:34:19] System status: ready.
[2026-08-28 15:34:22] A Planning service opened, but its date does not match 2026-08-30. Nothing was changed.
[2026-08-28 15:56:14] Sunday Service System ready.
[2026-08-28 15:56:14] Pre-start rollback snapshot ready: 2026-08-30
[2026-08-28 15:56:16] Upcoming-Sunday pastor sermon email imported.
[2026-08-28 15:56:16] This week's sermon embedded into lower thirds.
[2026-08-28 15:56:17] Chapter hotkey labels are waiting for an OBS restart; SSS chapter button will still use the correct names.
[2026-08-28 15:56:18] OBS startup popup cleaner active.
[2026-08-28 15:56:19] Weekly rollback snapshot ready: current
[2026-08-28 15:56:21] PTZ camera → Pastor / startup (preset 2).
[2026-08-28 15:56:22] System status: ready.
[2026-08-28 15:56:25] A Planning service opened, but its date does not match 2026-08-30. Nothing was changed.
[2026-08-28 15:59:11] Sunday Service System ready.
[2026-08-28 15:59:11] Pre-start rollback snapshot ready: 2026-08-30
[2026-08-28 15:59:12] Upcoming-Sunday pastor sermon email imported.
[2026-08-28 15:59:12] This week's sermon embedded into lower thirds.
[2026-08-28 15:59:13] Chapter hotkey labels are waiting for an OBS restart; SSS chapter button will still use the correct names.
[2026-08-28 15:59:14] OBS startup popup cleaner active.
[2026-08-28 15:59:15] Weekly rollback snapshot ready: current
[2026-08-28 15:59:17] PTZ camera → Pastor / startup (preset 2).
[2026-08-28 15:59:18] System status: ready.
[2026-08-28 15:59:21] A Planning service opened, but its date does not match 2026-08-30. Nothing was changed.
[2026-08-28 16:18:55] Sunday Service System ready.
[2026-08-28 16:18:55] Pre-start rollback snapshot ready: 2026-08-30
[2026-08-28 16:18:57] Upcoming-Sunday pastor sermon email imported.
[2026-08-28 16:18:57] This week's sermon embedded into lower thirds.
[2026-08-28 16:18:57] Chapter hotkey labels are waiting for an OBS restart; SSS chapter button will still use the correct names.
[2026-08-28 16:18:59] OBS startup popup cleaner active.
[2026-08-28 16:18:59] Weekly rollback snapshot ready: current
[2026-08-28 16:33:03] Sunday Service System ready.
[2026-08-28 16:33:03] Pre-start rollback snapshot ready: 2026-08-30
[2026-08-28 16:33:05] Upcoming-Sunday pastor sermon email imported.
[2026-08-28 16:33:05] This week's sermon embedded into lower thirds.
[2026-08-28 16:33:06] Chapter hotkey labels are waiting for an OBS restart; SSS chapter button will still use the correct names.
[2026-08-28 16:33:07] OBS startup popup cleaner active.
[2026-08-28 16:33:08] Weekly rollback snapshot ready: current
[2026-08-28 16:33:10] PTZ camera → Pastor / startup (preset 2).
[2026-08-28 16:33:11] System status: ready.
[2026-08-28 16:33:14] A Planning service opened, but its date does not match 2026-08-30. Nothing was changed.
[2026-08-28 16:34:23] Sunday Service System ready.
[2026-08-28 16:34:23] Pre-start rollback snapshot ready: 2026-08-30
[2026-08-28 16:34:25] Upcoming-Sunday pastor sermon email imported.
[2026-08-28 16:34:25] This week's sermon embedded into lower thirds.
[2026-08-28 16:34:25] Chapter hotkey labels are waiting for an OBS restart; SSS chapter button will still use the correct names.
[2026-08-28 16:34:27] OBS startup popup cleaner active.
[2026-08-28 16:34:27] Weekly rollback snapshot ready: current
[2026-08-28 19:12:48] Sunday Service System ready.
[2026-08-28 19:12:48] Pre-start rollback snapshot ready: 2026-08-30
[2026-08-28 19:12:51] Upcoming-Sunday pastor sermon email imported.
[2026-08-28 19:12:51] This week's sermon embedded into lower thirds.
[2026-08-28 19:12:52] Chapter hotkey labels are waiting for an OBS restart; SSS chapter button will still use the correct names.
[2026-08-28 19:12:54] OBS startup popup cleaner active.
[2026-08-28 19:12:54] Weekly rollback snapshot ready: current
[2026-08-28 19:12:57] PTZ camera → Pastor / startup (preset 2).
[2026-08-28 19:12:58] System status: ready.
[2026-08-28 19:13:03] A Planning service opened, but its date does not match 2026-08-30. Nothing was changed.
[2026-08-28 21:59:16] System status needs attention: CHAPTERS
[2026-08-28 21:59:21] System status: ready.
[2026-08-28 22:42:10] System status needs attention: CHAPTERS
[2026-08-28 22:42:15] System status: ready.
[2026-08-29 13:52:37] Sunday Service System ready.
[2026-08-29 13:52:37] Pre-start rollback snapshot ready: 2026-08-30
[2026-08-29 13:52:41] Upcoming-Sunday pastor sermon email imported.
[2026-08-29 13:52:41] This week's sermon embedded into lower thirds.
[2026-08-29 13:52:41] Chapter hotkey labels are waiting for an OBS restart; SSS chapter button will still use the correct names.
[2026-08-29 13:52:43] OBS startup popup cleaner active.
[2026-08-29 13:52:44] Weekly rollback snapshot ready: current
[2026-08-29 13:52:46] PTZ camera → Pastor / startup (preset 2).
[2026-08-29 13:52:47] System status: ready.
[2026-08-29 13:52:52] A Planning service opened, but its date does not match 2026-08-30. Nothing was changed.
[2026-08-29 14:55:07] Sunday Service System ready.
[2026-08-29 14:55:07] Pre-start rollback snapshot ready: 2026-08-30
[2026-08-29 14:55:09] Upcoming-Sunday pastor sermon email imported.
[2026-08-29 14:55:09] This week's sermon embedded into lower thirds.
[2026-08-29 14:55:09] Chapter hotkey labels are waiting for an OBS restart; SSS chapter button will still use the correct names.
[2026-08-29 14:55:11] OBS startup popup cleaner active.
[2026-08-29 14:55:12] Weekly rollback snapshot ready: current
[2026-08-29 14:55:14] PTZ camera → Pastor / startup (preset 2).
[2026-08-29 14:55:15] System status: ready.
[2026-08-29 14:55:18] A Planning service opened, but its date does not match 2026-08-30. Nothing was changed.
[2026-08-30 08:37:49] Sunday Service System ready.
[2026-08-30 08:37:49] Pre-start rollback snapshot ready: 2026-08-30
[2026-08-30 08:37:52] Upcoming-Sunday pastor sermon email imported.
[2026-08-30 08:37:52] This week's sermon embedded into lower thirds.
[2026-08-30 08:37:52] Sermon points synced to OBS named chapter hotkeys.
[2026-08-30 08:37:54] OBS startup popup cleaner active.
[2026-08-30 08:37:56] OBS is not open. Starting OBS...
[2026-08-30 08:37:57] OBS launch command sent.
[2026-08-30 08:37:58] Opened Presenter automatically.
[2026-08-30 08:37:58] Weekly rollback snapshot ready: current
[2026-08-30 08:38:02] PTZ camera → Pastor / startup (preset 2).
[2026-08-30 08:38:05] System status needs attention: OBS, COLLECTION, INPUTS
[2026-08-30 08:38:07] A Planning service opened, but its date does not match 2026-08-30. Nothing was changed.
[2026-08-30 08:38:13] Sunday Service System ready.
[2026-08-30 08:38:13] Pre-start rollback snapshot ready: 2026-08-30
[2026-08-30 08:38:14] Upcoming-Sunday pastor sermon email imported.
[2026-08-30 08:38:14] This week's sermon embedded into lower thirds.
[2026-08-30 08:38:15] Sermon points synced to OBS named chapter hotkeys.
[2026-08-30 08:38:16] OBS startup popup cleaner active.
[2026-08-30 08:38:18] OBS is not open. Starting OBS...
[2026-08-30 08:38:18] OBS launch command sent.
[2026-08-30 08:38:18] Weekly rollback snapshot ready: current
[2026-08-30 08:38:21] PTZ camera → Pastor / startup (preset 2).
[2026-08-30 08:38:26] System status needs attention: OBS, COLLECTION, INPUTS
[2026-08-30 08:38:26] A Planning service opened, but its date does not match 2026-08-30. Nothing was changed.
[2026-08-30 08:39:02] Sunday Service System ready.
[2026-08-30 08:39:02] Pre-start rollback snapshot ready: 2026-08-30
[2026-08-30 08:39:04] Upcoming-Sunday pastor sermon email imported.
[2026-08-30 08:39:04] This week's sermon embedded into lower thirds.
[2026-08-30 08:39:05] Sermon points synced to OBS named chapter hotkeys.
[2026-08-30 08:39:06] OBS startup popup cleaner active.
[2026-08-30 08:39:08] OBS is not open. Starting OBS...
[2026-08-30 08:39:08] OBS launch command sent.
[2026-08-30 08:39:08] Weekly rollback snapshot ready: current
[2026-08-30 08:39:11] PTZ camera → Pastor / startup (preset 2).
[2026-08-30 08:39:14] System status needs attention: OBS, COLLECTION, INPUTS
[2026-08-30 08:39:15] A Planning service opened, but its date does not match 2026-08-30. Nothing was changed.
[2026-08-30 08:39:16] OBS is ready.
[2026-08-30 08:39:17] System status needs attention: COLLECTION, INPUTS
[2026-08-30 08:39:21] System status: ready.
[2026-08-30 08:40:55] PTZ camera → Worship (preset 5).
[2026-08-30 09:35:09] System status needs attention: COLLECTION, INPUTS
[2026-08-30 09:35:16] System status needs attention: OBS, COLLECTION, INPUTS
[2026-08-30 09:37:52] Sunday Service System ready.
[2026-08-30 09:37:52] Pre-start rollback snapshot ready: 2026-08-30
[2026-08-30 09:37:54] Upcoming-Sunday pastor sermon email imported.
[2026-08-30 09:37:54] This week's sermon embedded into lower thirds.
[2026-08-30 09:37:54] Sermon points synced to OBS named chapter hotkeys.
[2026-08-30 09:37:56] OBS startup popup cleaner active.
[2026-08-30 09:37:58] OBS is not open. Starting OBS...
[2026-08-30 09:37:58] OBS launch command sent.
[2026-08-30 09:37:59] Opened Presenter automatically.
[2026-08-30 09:37:59] Weekly rollback snapshot ready: current
[2026-08-30 09:38:01] OBS is ready.
[2026-08-30 09:38:01] PTZ camera → Pastor / startup (preset 2).
[2026-08-30 09:38:03] System status needs attention: COLLECTION, INPUTS
[2026-08-30 09:38:05] Could not automatically find the upcoming Sunday service (2026-08-30).
[2026-08-30 09:38:07] System status: ready.
[2026-08-30 09:38:36] ADMIN TEST MODE enabled: chapter/LT test sequence reset to Prayer; real sermon chapter position preserved.
[2026-08-30 09:38:45] TEST ONLY — Prayer [chapter marker simulated / not written]
[2026-08-30 09:38:49] Scripture START: Presenter preset to first verse of Matt 13:10-17.
[2026-08-30 09:38:50] Scripture reading started: Matt 13:10-17 [TEST — marker simulated]
[2026-08-30 09:38:55] Presenter NEXT verse -> Port Presenter | Ch 10 | Note 60 | Vel 126 | Note On only
[2026-08-30 09:38:55] Presenter Scripture: Matt 13:11
[2026-08-30 09:38:57] Presenter NEXT verse -> Port Presenter | Ch 10 | Note 60 | Vel 126 | Note On only
[2026-08-30 09:38:57] Presenter Scripture: Matt 13:12
[2026-08-30 09:38:58] Presenter NEXT verse -> Port Presenter | Ch 10 | Note 60 | Vel 126 | Note On only
[2026-08-30 09:38:58] Presenter Scripture: Matt 13:13
[2026-08-30 09:38:59] Presenter NEXT verse -> Port Presenter | Ch 10 | Note 60 | Vel 126 | Note On only
[2026-08-30 09:39:00] Presenter Scripture: Matt 13:14
[2026-08-30 09:39:01] Presenter NEXT verse -> Port Presenter | Ch 10 | Note 60 | Vel 126 | Note On only
[2026-08-30 09:39:01] Presenter Scripture: Matt 13:15
[2026-08-30 09:39:02] Presenter NEXT verse -> Port Presenter | Ch 10 | Note 60 | Vel 126 | Note On only
[2026-08-30 09:39:02] Presenter Scripture: Matt 13:16
[2026-08-30 09:39:04] Presenter NEXT verse -> Port Presenter | Ch 10 | Note 60 | Vel 126 | Note On only
[2026-08-30 09:39:04] Presenter Scripture: Matt 13:17
[2026-08-30 09:39:06] Scripture reading ended; webcam only loaded to Preview (Ctrl+F13) and transitioned to Program (Ctrl+Shift).
[2026-08-30 09:39:33] TEST ONLY — Christ Reveals Spiritual Secrets! [chapter marker simulated / not written] + LT1 lower third (11 sec)
[2026-08-30 09:39:50] TEST ONLY — Christ Judges our Sin-hardened Hearts! [chapter marker simulated / not written] + LT1 lower third (11 sec)
[2026-08-30 09:40:06] TEST ONLY — Christ Blesses His Light-Receptive Disciples! [chapter marker simulated / not written] + LT1 lower third (11 sec)
[2026-08-30 09:40:11] TEST ONLY — Ending Prayer [chapter marker simulated / not written]
[2026-08-30 09:40:12] TEST ONLY — Benediction [chapter marker simulated / not written]
[2026-08-30 09:40:20] ADMIN TEST MODE disabled: restored normal chapter/LT controls at the real sermon position.
[2026-08-30 09:40:20] ADMIN TEST MODE enabled: chapter/LT test sequence reset to Prayer; real sermon chapter position preserved.
[2026-08-30 09:40:23] TEST ONLY — Prayer [chapter marker simulated / not written]
[2026-08-30 09:40:27] Scripture START: Presenter preset to first verse of Matt 13:10-17.
[2026-08-30 09:40:27] Scripture reading started: Matt 13:10-17 [TEST — marker simulated]
[2026-08-30 09:40:30] Scripture reading ended; webcam only loaded to Preview (Ctrl+F13) and transitioned to Program (Ctrl+Shift).
[2026-08-30 09:40:42] ADMIN TEST MODE disabled: restored normal chapter/LT controls at the real sermon position.
[2026-08-30 09:40:42] ADMIN TEST MODE enabled: chapter/LT test sequence reset to Prayer; real sermon chapter position preserved.
[2026-08-30 09:40:45] TEST ONLY — Prayer [chapter marker simulated / not written]
[2026-08-30 09:40:47] Scripture START: Presenter preset to first verse of Matt 13:10-17.
[2026-08-30 09:40:48] Scripture reading started: Matt 13:10-17 [TEST — marker simulated]
[2026-08-30 09:40:50] Presenter NEXT verse -> Port Presenter | Ch 10 | Note 60 | Vel 126 | Note On only
[2026-08-30 09:40:50] Presenter Scripture: Matt 13:11
[2026-08-30 09:41:10] ADMIN TEST MODE disabled: restored normal chapter/LT controls at the real sermon position.
[2026-08-30 09:42:25] Upcoming-Sunday pastor sermon email imported.
[2026-08-30 09:42:25] This week's sermon embedded into lower thirds.
[2026-08-30 09:42:25] Chapter hotkey labels are waiting for an OBS restart; SSS chapter button will still use the correct names.
[2026-08-30 09:42:26] OBS startup popup cleaner active.
[2026-08-30 09:42:31] A Planning service opened, but its date does not match 2026-08-30. Nothing was changed.
[2026-08-30 09:44:35] PTZ camera → Pastor (preset 2).
[2026-08-30 09:44:36] PTZ camera → Worship (preset 5).
[2026-08-30 09:44:40] PTZ camera → Pastor (preset 2).
[2026-08-30 09:48:48] Sunday Service System ready.
[2026-08-30 09:48:48] Pre-start rollback snapshot ready: 2026-08-30
[2026-08-30 09:48:49] Upcoming-Sunday pastor sermon email imported.
[2026-08-30 09:48:49] This week's sermon embedded into lower thirds.
[2026-08-30 09:48:50] Chapter hotkey labels are waiting for an OBS restart; SSS chapter button will still use the correct names.
[2026-08-30 09:48:51] OBS startup popup cleaner active.
[2026-08-30 09:48:53] OBS is not open. Starting OBS...
[2026-08-30 09:48:53] OBS launch command sent.
[2026-08-30 09:48:53] Weekly rollback snapshot ready: current
[2026-08-30 09:48:56] PTZ camera → Pastor / startup (preset 2).
[2026-08-30 09:48:56] OBS is ready.
[2026-08-30 09:48:57] System status needs attention: COLLECTION, INPUTS
[2026-08-30 09:49:01] A Planning service opened, but its date does not match 2026-08-30. Nothing was changed.
[2026-08-30 09:49:01] System status: ready.
[2026-08-30 09:49:43] Sunday Service System ready.
[2026-08-30 09:49:43] Pre-start rollback snapshot ready: 2026-08-30
[2026-08-30 09:49:45] Upcoming-Sunday pastor sermon email imported.
[2026-08-30 09:49:45] This week's sermon embedded into lower thirds.
[2026-08-30 09:49:45] Sermon points synced to OBS named chapter hotkeys.
[2026-08-30 09:49:46] OBS startup popup cleaner active.
[2026-08-30 09:49:49] OBS is not open. Starting OBS...
[2026-08-30 09:49:49] OBS launch command sent.
[2026-08-30 09:49:49] Weekly rollback snapshot ready: current
[2026-08-30 09:49:51] PTZ camera → Pastor / startup (preset 2).
[2026-08-30 09:49:53] OBS is ready.
[2026-08-30 09:49:55] System status needs attention: OBS, COLLECTION, INPUTS
[2026-08-30 09:49:56] A Planning service opened, but its date does not match 2026-08-30. Nothing was changed.
[2026-08-30 09:49:58] System status: ready.
[2026-08-30 10:17:29] System status needs attention: OBS, COLLECTION, INPUTS
[2026-08-30 10:17:34] System status: ready.
[2026-08-30 10:17:42] System status needs attention: OBS, COLLECTION, INPUTS
[2026-08-30 10:18:02] System status: ready.
[2026-08-30 10:52:03] Detected recording started directly in OBS; SSS watchdog protections are now active.
[2026-08-30 10:52:24] Post-service completion supervisor started.
[2026-08-30 10:52:24] YouTube Studio worker started. It will verify the Baptist Church of Perry channel, choose the largest valid full sermon, and upload it.
[2026-08-30 11:12:58] PTZ camera → Pastor (preset 2).
[2026-08-30 11:13:13] Recording START requested. Sunday Freeze enabled.
[2026-08-30 11:13:49] Sermon chapter: Prayer [direct]
[2026-08-30 11:16:49] Scripture START: Presenter preset to first verse of Matt 13:10-17.
[2026-08-30 11:16:50] Scripture reading started: Matt 13:10-17 [chapter marker added]
[2026-08-30 11:16:54] Presenter NEXT verse -> Port Presenter | Ch 10 | Note 60 | Vel 126 | Note On only
[2026-08-30 11:16:54] Presenter Scripture: Matt 13:11
[2026-08-30 11:16:57] Presenter NEXT verse -> Port Presenter | Ch 10 | Note 60 | Vel 126 | Note On only
[2026-08-30 11:16:57] Presenter Scripture: Matt 13:12
[2026-08-30 11:17:09] Presenter NEXT verse -> Port Presenter | Ch 10 | Note 60 | Vel 126 | Note On only
[2026-08-30 11:17:09] Presenter Scripture: Matt 13:13
[2026-08-30 11:18:17] Scripture reading ended; webcam only loaded to Preview (Ctrl+F13) and transitioned to Program (Ctrl+Shift).
[2026-08-30 11:26:51] Sermon chapter: Christ Reveals Spiritual Secrets! [direct] + LT1 lower third (11 sec)
[2026-08-30 11:46:15] Sermon chapter: Christ Judges our Sin-hardened Hearts! [direct] + LT1 lower third (11 sec)
[2026-08-30 11:52:25] Sermon chapter: Christ Blesses His Light-Receptive Disciples! [direct] + LT1 lower third (11 sec)
[2026-08-30 12:00:23] Sermon chapter: Ending Prayer [direct]
[2026-08-30 12:02:09] Sermon chapter: Benediction [direct]
[2026-08-30 12:02:23] Recording STOP requested. Post-service automation will take over.
[2026-08-30 12:02:24] YouTube Studio upload worker is already waiting/running.
[2026-08-30 12:02:27] YouTube Studio upload worker is already waiting/running.
[2026-08-30 12:02:49] Recording STOP requested. Post-service automation will take over.
[2026-08-30 12:02:50] YouTube Studio upload worker is already waiting/running.
[2026-08-30 12:05:09] System status needs attention: OBS, COLLECTION, INPUTS
[2026-08-30 12:08:37] YouTube Studio worker started. It will verify the Baptist Church of Perry channel, choose the largest valid full sermon, and upload it.
[2026-08-30 12:10:05] Sunday Service System ready.
[2026-08-30 12:10:05] Pre-start rollback snapshot ready: 2026-08-30
[2026-08-30 12:10:07] Upcoming-Sunday pastor sermon email imported.
[2026-08-30 12:10:07] This week's sermon embedded into lower thirds.
[2026-08-30 12:10:07] Sermon points synced to OBS named chapter hotkeys.
[2026-08-30 12:10:09] OBS startup popup cleaner active.
[2026-08-30 12:10:09] Live audio sanity monitor started.
[2026-08-30 12:10:11] OBS is not open. Starting OBS...
[2026-08-30 12:10:11] OBS launch command sent.
[2026-08-30 12:10:11] Weekly rollback snapshot ready: current
[2026-08-30 12:10:14] PTZ camera → Pastor / startup (preset 2).
[2026-08-30 12:10:19] System status needs attention: OBS, COLLECTION, INPUTS
[2026-08-30 12:10:19] A Planning service opened, but its date does not match 2026-08-30. Nothing was changed.
[2026-08-30 12:10:20] OBS is ready.
[2026-08-30 12:10:22] System status needs attention: COLLECTION, INPUTS
[2026-08-30 12:10:26] System status: ready.
[2026-08-30 12:10:34] YouTube Studio worker started. It will verify the Baptist Church of Perry channel, choose the largest valid full sermon, and upload it.
[2026-08-30 12:15:25] YouTube Studio worker started. It will verify the Baptist Church of Perry channel, choose the largest valid full sermon, and upload it.
